// Vitest Snapshot v1, https://vitest.dev/guide/snapshot.html

exports[`Υπολογισμός Προθεσμιών Ειδικών Διαδικασιών > matches snapshot for complete deadlines array 1`] = `
[
  {
    "calculation": null,
    "date": "2024-07-08",
    "formattedNomothesia": [],
    "imeres": [],
    "name": "Δικάσιμος",
    "nomothesia": [],
    "shortName": "Δικάσιμος",
    "type": "dikasimos",
    "ypologismos": [],
  },
  {
    "calculation": {
      "date": "2024-07-15",
      "logic": {
        "days": 5,
        "name": "Δικάσιμος",
        "reference": "dikasimos",
        "start": "2024-07-08",
        "when": "after",
      },
      "paused": [
        "2024-07-13",
        "2024-07-14",
      ],
      "skipped": [],
    },
    "date": "2024-07-15",
    "formattedNomothesia": [
      {
        "article": "ΚΠολΔ 591 παρ. 1 περ. στ΄",
        "highlighted": [
          "Οι διάδικοι μπορούν έως τη δωδέκατη ώρα της πέμπτης εργάσιμης ημέρας από τη συζήτηση να καταθέσουν προσθήκη στις προτάσεις τους",
        ],
        "text": "Οι διάδικοι μπορούν έως τη δωδέκατη ώρα της πέμπτης εργάσιμης ημέρας από τη συζήτηση να καταθέσουν προσθήκη στις προτάσεις τους, με την οποία αξιολογούνται οι αποδείξεις, προτείνονται ισχυρισμοί και προσκομίζονται ένορκες βεβαιώσεις, έγγραφα και γνωμοδοτήσεις κατά το άρθρο 390 μόνο για την αντίκρουση ισχυρισμών που προτάθηκαν.",
      },
    ],
    "imeres": [
      "5 εργάσιμες ημέρες από την συζήτηση.",
    ],
    "name": "Κατάθεση προσθήκης",
    "nomothesia": [
      "ΚΠολΔ 591 παρ. 1 περ. στ΄ Οι διάδικοι μπορούν έως τη δωδέκατη ώρα της πέμπτης εργάσιμης ημέρας από τη συζήτηση να καταθέσουν προσθήκη στις προτάσεις τους, με την οποία αξιολογούνται οι αποδείξεις, προτείνονται ισχυρισμοί και προσκομίζονται ένορκες βεβαιώσεις, έγγραφα και γνωμοδοτήσεις κατά το άρθρο 390 μόνο για την αντίκρουση ισχυρισμών που προτάθηκαν.",
    ],
    "shortName": "Προσθήκη",
    "type": "prosthiki",
    "ypologismos": [
      "5 εργάσιμες ημέρες μετά την συζήτηση (2024-07-08)",
    ],
  },
]
`;
